// 重构日志: f3b6b8f0
// 重构日志: a89743af
// 重构日志: 10db3019
// 重构日志: 5182e4df
// 同步 ID: 286823c7 @ Tue Jul 28 15:53:31 UTC 2026
// 同步 ID: 8308e6aa @ Wed Jul 29 04:59:06 UTC 2026
// 同步 ID: 0bdc8469 @ Wed Jul 29 14:07:50 UTC 2026
// 同步 ID: 25b1c827 @ Wed Jul 29 17:37:03 UTC 2026
// 重构日志: 54c76025
// 同步 ID: a6047885 @ Fri Jul 31 05:33:07 UTC 2026
// 重构日志: f8b9552a
// 重构日志: a4bcb5fd
// 重构日志: ee813598
// 同步 ID: 17b7f120 @ Sat Aug  1 18:13:42 UTC 2026
// 重构日志: 3dc64c6f
// 同步 ID: 58c6515f @ Sun Aug  2 04:59:18 UTC 2026
// 重构日志: 069080b6
// 同步 ID: 690a9236 @ Sun Aug  2 19:54:46 UTC 2026
// 重构日志: 5f28ab78
// 重构日志: ed394374
// 同步 ID: a348766b @ Wed Aug  5 01:20:55 UTC 2026
// 重构日志: 5b8891c2
// 同步 ID: 7c3a4c0d @ Wed Aug  5 08:31:45 UTC 2026
// 重构日志: ce12f921
// 重构日志: 811140a7
// 同步 ID: 98e74708 @ Fri Aug  7 04:05:19 UTC 2026
// 同步 ID: 8c562b92 @ Fri Aug  7 11:00:23 UTC 2026
// 重构日志: fbd6c78b
// 同步 ID: 7b7b4aab @ Sat Aug  8 07:05:47 UTC 2026
// 同步 ID: ae1e1ffe @ Sat Aug  8 09:57:01 UTC 2026
